this is great file
thate reaosn for it
is nothing but learning